---
tasks:
  init:
    actionA: true
    actionC: true
