---
tasks:
  init:
    classname: PlanB\Wand\Core\Task\Task
    description: wubba lubba dub dub
    actions:
      readme: []